// Vitest Snapshot v1, https://vitest.dev/guide/snapshot.html

exports[`e2e:mark-parser > should expose public api 1`] = `
[
  "createTokenizer",
  "createPreprocess",
  "preprocess",
  "tokenize",
  "initialize",
  "combineExtensions",
  "decode",
  "defineConstruct",
  "defineConstructs",
  "eof",
  "eos",
  "eol",
  "isCode",
  "push",
  "resolveAll",
  "serializeChunks",
  "sliceChunks",
  "sliceSerialize",
  "splice",
  "htab",
  "tab",
]
`;
