// Vitest Snapshot v1, https://vitest.dev/guide/snapshot.html

exports[`unit:createTokenizer > #effects.enter > should return open token 1`] = `
{
  "start": {
    "_bufferIndex": -1,
    "_index": 0,
    "column": 1,
    "line": 1,
    "offset": 0,
  },
  "type": "succ",
  "value": "ok",
}
`;

exports[`unit:createTokenizer > #effects.exit > should return closed token 1`] = `
{
  "end": {
    "_bufferIndex": -1,
    "_index": 0,
    "column": 1,
    "line": 1,
    "offset": 0,
  },
  "start": {
    "_bufferIndex": -1,
    "_index": 0,
    "column": 1,
    "line": 1,
    "offset": 0,
  },
  "type": "eoc",
}
`;

exports[`unit:createTokenizer > should create tokenize context (0) 1`] = `
{
  "code": null,
  "currentConstruct": undefined,
  "defineSkip": [Function defineSkip],
  "encoding": undefined,
  "events": [],
  "now": [Function now],
  "parser": {
    "constructs": {
      "disable": {
        "null": [],
      },
    },
  },
  "peek": [Function peek],
  "preprocess": [Function preprocess],
  "previous": null,
  "serializeChunks": [Function serializeChunks],
  "sliceSerialize": [Function sliceSerialize],
  "sliceStream": [Function sliceStream],
  "token": [Function token],
  "write": [Function write],
}
`;

exports[`unit:createTokenizer > should create tokenize context (1) 1`] = `
{
  "code": null,
  "currentConstruct": undefined,
  "defineSkip": [Function defineSkip],
  "encoding": undefined,
  "events": [],
  "now": [Function now],
  "parser": {
    "constructs": {
      "disable": {
        "null": [],
      },
    },
  },
  "peek": [Function peek],
  "preprocess": [Function preprocess],
  "previous": null,
  "serializeChunks": [Function serializeChunks],
  "sliceSerialize": [Function sliceSerialize],
  "sliceStream": [Function sliceStream],
  "token": [Function token],
  "write": [Function write],
}
`;

exports[`unit:createTokenizer > should create tokenize context from ContentType (0) 1`] = `
{
  "code": null,
  "currentConstruct": undefined,
  "defineSkip": [Function defineSkip],
  "encoding": undefined,
  "events": [],
  "now": [Function now],
  "parser": {
    "constructs": {
      "disable": {
        "null": [],
      },
    },
    "document": [Function create],
  },
  "peek": [Function peek],
  "preprocess": [Function preprocess],
  "previous": null,
  "serializeChunks": [Function serializeChunks],
  "sliceSerialize": [Function sliceSerialize],
  "sliceStream": [Function sliceStream],
  "token": [Function token],
  "write": [Function write],
}
`;

exports[`unit:createTokenizer > should create tokenize context from ContentType (1) 1`] = `
{
  "code": null,
  "currentConstruct": undefined,
  "defineSkip": [Function defineSkip],
  "encoding": undefined,
  "events": [],
  "now": [Function now],
  "parser": {
    "constructs": {
      "disable": {
        "null": [],
      },
    },
    "document": [Function create],
  },
  "peek": [Function peek],
  "preprocess": [Function preprocess],
  "previous": null,
  "serializeChunks": [Function serializeChunks],
  "sliceSerialize": [Function sliceSerialize],
  "sliceStream": [Function sliceStream],
  "token": [Function token],
  "write": [Function write],
}
`;
